// Jest Snapshot v1, https://goo.gl/fbAQLP

exports[`filter should find display formula and replace it 1`] = `
"
# This is some content
<!-- ignore this comment -->
<h2 class=\\"to-be-ignored\\">Please ignore me</h2>
This is a formula: <span class=\\"katex-display\\"><span class=\\"katex\\"><span class=\\"katex-mathml\\"><math><semantics><mrow><mi>E</mi><mo>=</mo><mi>m</mi><msup><mi>c</mi><mn>2</mn></msup></mrow><annotation encoding=\\"application/x-tex\\">E = mc^2</annotation></semantics></math></span><span class=\\"katex-html\\" aria-hidden=\\"true\\"><span class=\\"strut\\" style=\\"height:0.8641079999999999em;\\"></span><span class=\\"strut bottom\\" style=\\"height:0.8641079999999999em;vertical-align:0em;\\"></span><span class=\\"base displaystyle textstyle uncramped\\"><span class=\\"mord mathit\\" style=\\"margin-right:0.05764em;\\">E</span><span class=\\"mrel\\">=</span><span class=\\"mord mathit\\">m</span><span class=\\"mord\\"><span class=\\"mord mathit\\">c</span><span class=\\"msupsub\\"><span class=\\"vlist\\"><span style=\\"top:-0.413em;margin-right:0.05em;\\"><span class=\\"fontsize-ensurer reset-size5 size5\\"><span style=\\"font-size:0em;\\">​</span></span><span class=\\"reset-textstyle scriptstyle uncramped mtight\\"><span class=\\"mord mathrm mtight\\">2</span></span></span><span class=\\"baseline-fix\\"><span class=\\"fontsize-ensurer reset-size5 size5\\"><span style=\\"font-size:0em;\\">​</span></span>​</span></span></span></span></span></span></span></span>.
    "
`;

exports[`filter should find inline formula and replace it 1`] = `
"
# This is some content
<!-- ignore this comment -->
<h2 class=\\"to-be-ignored\\">Please ignore me</h2>
This is a formula: <span class=\\"katex\\"><span class=\\"katex-mathml\\"><math><semantics><mrow><mi>E</mi><mo>=</mo><mi>m</mi><msup><mi>c</mi><mn>2</mn></msup></mrow><annotation encoding=\\"application/x-tex\\">E = mc^2</annotation></semantics></math></span><span class=\\"katex-html\\" aria-hidden=\\"true\\"><span class=\\"strut\\" style=\\"height:0.8141079999999999em;\\"></span><span class=\\"strut bottom\\" style=\\"height:0.8141079999999999em;vertical-align:0em;\\"></span><span class=\\"base textstyle uncramped\\"><span class=\\"mord mathit\\" style=\\"margin-right:0.05764em;\\">E</span><span class=\\"mrel\\">=</span><span class=\\"mord mathit\\">m</span><span class=\\"mord\\"><span class=\\"mord mathit\\">c</span><span class=\\"msupsub\\"><span class=\\"vlist\\"><span style=\\"top:-0.363em;margin-right:0.05em;\\"><span class=\\"fontsize-ensurer reset-size5 size5\\"><span style=\\"font-size:0em;\\">​</span></span><span class=\\"reset-textstyle scriptstyle uncramped mtight\\"><span class=\\"mord mathrm mtight\\">2</span></span></span><span class=\\"baseline-fix\\"><span class=\\"fontsize-ensurer reset-size5 size5\\"><span style=\\"font-size:0em;\\">​</span></span>​</span></span></span></span></span></span></span>.
    "
`;
