// Jest Snapshot v1, https://goo.gl/fbAQLP

exports[`filter should find display formula and replace it 1`] = `
"
# This is some content
<!-- ignore this comment -->
<h2 class=\\"to-be-ignored\\">Please ignore me</h2>
This is a formula: <span class=\\"katex-display\\"><span class=\\"katex\\"><span class=\\"katex-mathml\\"><math xmlns=\\"http://www.w3.org/1998/Math/MathML\\"><semantics><mrow><mi>E</mi><mo>=</mo><mi>m</mi><msup><mi>c</mi><mn>2</mn></msup></mrow><annotation encoding=\\"application/x-tex\\">E = mc^2</annotation></semantics></math></span><span class=\\"katex-html\\" aria-hidden=\\"true\\"><span class=\\"base\\"><span class=\\"strut\\" style=\\"height:0.68333em;vertical-align:0em;\\"></span><span class=\\"mord mathdefault\\" style=\\"margin-right:0.05764em;\\">E</span><span class=\\"mspace\\" style=\\"margin-right:0.2777777777777778em;\\"></span><span class=\\"mrel\\">=</span><span class=\\"mspace\\" style=\\"margin-right:0.2777777777777778em;\\"></span></span><span class=\\"base\\"><span class=\\"strut\\" style=\\"height:0.8641079999999999em;vertical-align:0em;\\"></span><span class=\\"mord mathdefault\\">m</span><span class=\\"mord\\"><span class=\\"mord mathdefault\\">c</span><span class=\\"msupsub\\"><span class=\\"vlist-t\\"><span class=\\"vlist-r\\"><span class=\\"vlist\\" style=\\"height:0.8641079999999999em;\\"><span style=\\"top:-3.113em;margin-right:0.05em;\\"><span class=\\"pstrut\\" style=\\"height:2.7em;\\"></span><span class=\\"sizing reset-size6 size3 mtight\\"><span class=\\"mord mtight\\">2</span></span></span></span></span></span></span></span></span></span></span></span>.
    "
`;

exports[`filter should find inline formula and replace it 1`] = `
"
# This is some content
<!-- ignore this comment -->
<h2 class=\\"to-be-ignored\\">Please ignore me</h2>
This is a formula: <span class=\\"katex\\"><span class=\\"katex-mathml\\"><math xmlns=\\"http://www.w3.org/1998/Math/MathML\\"><semantics><mrow><mi>E</mi><mo>=</mo><mi>m</mi><msup><mi>c</mi><mn>2</mn></msup></mrow><annotation encoding=\\"application/x-tex\\">E = mc^2</annotation></semantics></math></span><span class=\\"katex-html\\" aria-hidden=\\"true\\"><span class=\\"base\\"><span class=\\"strut\\" style=\\"height:0.68333em;vertical-align:0em;\\"></span><span class=\\"mord mathdefault\\" style=\\"margin-right:0.05764em;\\">E</span><span class=\\"mspace\\" style=\\"margin-right:0.2777777777777778em;\\"></span><span class=\\"mrel\\">=</span><span class=\\"mspace\\" style=\\"margin-right:0.2777777777777778em;\\"></span></span><span class=\\"base\\"><span class=\\"strut\\" style=\\"height:0.8141079999999999em;vertical-align:0em;\\"></span><span class=\\"mord mathdefault\\">m</span><span class=\\"mord\\"><span class=\\"mord mathdefault\\">c</span><span class=\\"msupsub\\"><span class=\\"vlist-t\\"><span class=\\"vlist-r\\"><span class=\\"vlist\\" style=\\"height:0.8141079999999999em;\\"><span style=\\"top:-3.063em;margin-right:0.05em;\\"><span class=\\"pstrut\\" style=\\"height:2.7em;\\"></span><span class=\\"sizing reset-size6 size3 mtight\\"><span class=\\"mord mtight\\">2</span></span></span></span></span></span></span></span></span></span></span>.
    "
`;
